🔧 [SharedDB] Creating stable PrismaClient...
📊 [SharedDB] Database Configuration:
   Provider: MYSQL
   Host: 92.113.22.70
   Port: 3306
   Database: u339372869_test2
   User: u339372869_test2
   Password: *** (hidden)
   Connection: Remote
✅ [SharedDB] PrismaClient instance created successfully
🧪 Starting Security Verification...

Testing: Unauthorized Role (Client Agent)
👑 [SUPER-ADMIN-MIDDLEWARE] requireSuperAdmin called
❌ [SUPER-ADMIN-MIDDLEWARE] Access denied for role: AGENT
   ✨ PASSED

Testing: Authorized Role (Project Manager)
👑 [SUPER-ADMIN-MIDDLEWARE] requireSuperAdmin called
✅ [SUPER-ADMIN-MIDDLEWARE] Access granted for role: Project Manager
   ✅ Next() called - ACCESS GRANTED
   ✨ PASSED

Testing: Authorized Role (SUPER_ADMIN)
👑 [SUPER-ADMIN-MIDDLEWARE] requireSuperAdmin called
✅ [SUPER-ADMIN-MIDDLEWARE] Access granted for role: SUPER_ADMIN
   ✅ Next() called - ACCESS GRANTED
   ✨ PASSED

Testing: Granular Permission - Allowed (Project Manager canViewAll)
   ✅ Next() called - ACCESS GRANTED
   ✨ PASSED

Testing: Granular Permission - Denied (Developer canDelete)
❌ [PERMISSION-DENIED] Role Developer lacks canDelete
   ✨ PASSED
